[INFO] Scanning for projects...
[INFO] 
[INFO] ---------------------< com.forestplus:forestplus >----------------------
[INFO] Building forestplus 0.0.1-SNAPSHOT
[INFO]   from pom.xml
[INFO] --------------------------------[ war ]---------------------------------
[INFO] 
[INFO] --- clean:3.4.1:clean (default-clean) @ forestplus ---
[INFO] Deleting C:\Users\Juan Medina\Desktop\Proyectos\ForestPlusApp\forestPlus-BACK\target
[INFO] 
[INFO] --- resources:3.3.1:resources (default-resources) @ forestplus ---
[INFO] Copying 3 resources from src\main\resources to target\classes
[INFO] Copying 51 resources from src\main\resources to target\classes
[INFO] 
[INFO] --- compiler:3.11.0:compile (default-compile) @ forestplus ---
[INFO] Changes detected - recompiling the module! :source
[INFO] Compiling 144 source files with javac [debug release 17] to target\classes
[INFO] -------------------------------------------------------------
[ERROR] COMPILATION ERROR : 
[INFO] -------------------------------------------------------------
[ERROR] No compiler is provided in this environment. Perhaps you are running on a JRE rather than a JDK?
[INFO] 1 error
[INFO] -------------------------------------------------------------
[INFO] ------------------------------------------------------------------------
[INFO] BUILD FAILURE
[INFO] ------------------------------------------------------------------------
[INFO] Total time:  2.293 s
[INFO] Finished at: 2026-04-01T10:18:46+02:00
[INFO] ------------------------------------------------------------------------
[ERROR] Failed to execute goal org.apache.maven.plugins:maven-compiler-plugin:3.11.0:compile (default-compile) on project forestplus: Compilation failure
[ERROR] No compiler is provided in this environment. Perhaps you are running on a JRE rather than a JDK?
[ERROR] 
[ERROR] -> [Help 1]
[ERROR] 
[ERROR] To see the full stack trace of the errors, re-run Maven with the -e switch.
[ERROR] Re-run Maven using the -X switch to enable full debug logging.
[ERROR] 
[ERROR] For more information about the errors and possible solutions, please read the following articles:
[ERROR] [Help 1] http://cwiki.apache.org/confluence/display/MAVEN/MojoFailureException
